  console.log
    [EmergencyMigration] Triggered by reason: Critical Bug

      at EmergencyMigration.log [as triggerMigration] (contracts/migration/EmergencyMigration.ts:46:17)

  console.log
    [StatePreserver] State captured. Checksum: fdbe2fdf6a95d89d6b28c7b22de14f250cf00b8b457640b6130adce96150c175

      at StatePreserver.log [as captureState] (contracts/migration/preservation/StatePreserver.ts:21:17)

  console.log
    [EmergencyMigration] Triggered by reason: Critical Bug

      at EmergencyMigration.log [as triggerMigration] (contracts/migration/EmergencyMigration.ts:46:17)

  console.log
    [StatePreserver] State captured. Checksum: fdbe2fdf6a95d89d6b28c7b22de14f250cf00b8b457640b6130adce96150c175

      at StatePreserver.log [as captureState] (contracts/migration/preservation/StatePreserver.ts:21:17)

  console.log
    [EmergencyMigration] Beginning rapid migration execution...

      at EmergencyMigration.log [as executeMigration] (contracts/migration/EmergencyMigration.ts:67:17)

  console.log
    [RapidMigrator] Initiating migration to 0xNewContract...

      at RapidMigrator.log [as migrate] (contracts/migration/execution/RapidMigrator.ts:27:21)

  console.log
    [StatePreserver] State restored successfully.

      at StatePreserver.log [as restoreState] (contracts/migration/preservation/StatePreserver.ts:40:17)

  console.log
    [RapidMigrator] Pausing old contract...

      at RapidMigrator.log [as pauseOldContract] (contracts/migration/execution/RapidMigrator.ts:56:17)

  console.log
    [RapidMigrator] Initializing new contract at 0xNewContract with preserved state...

      at RapidMigrator.log [as initializeNewContract] (contracts/migration/execution/RapidMigrator.ts:62:17)

  console.log
    [RapidMigrator] Updating DAO pointers to point to 0xNewContract...

      at RapidMigrator.log [as updateDaoPointers] (contracts/migration/execution/RapidMigrator.ts:68:17)

  console.log
    [RapidMigrator] Unpausing new contract at 0xNewContract...

      at RapidMigrator.log [as unpauseNewContract] (contracts/migration/execution/RapidMigrator.ts:74:17)

  console.log
    [RapidMigrator] Migration completed successfully.

      at RapidMigrator.log [as migrate] (contracts/migration/execution/RapidMigrator.ts:46:21)

  console.log
    [EmergencyMigration] Triggered by reason: Security Patch

      at EmergencyMigration.log [as triggerMigration] (contracts/migration/EmergencyMigration.ts:46:17)

  console.log
    [StatePreserver] State captured. Checksum: fdbe2fdf6a95d89d6b28c7b22de14f250cf00b8b457640b6130adce96150c175

      at StatePreserver.log [as captureState] (contracts/migration/preservation/StatePreserver.ts:21:17)

  console.log
    [EmergencyMigration] Beginning rapid migration execution...

      at EmergencyMigration.log [as executeMigration] (contracts/migration/EmergencyMigration.ts:67:17)

  console.log
    [RapidMigrator] Initiating migration to 0xSecureContract...

      at RapidMigrator.log [as migrate] (contracts/migration/execution/RapidMigrator.ts:27:21)

  console.log
    [StatePreserver] State restored successfully.

      at StatePreserver.log [as restoreState] (contracts/migration/preservation/StatePreserver.ts:40:17)

  console.log
    [RapidMigrator] Pausing old contract...

      at RapidMigrator.log [as pauseOldContract] (contracts/migration/execution/RapidMigrator.ts:56:17)

  console.log
    [RapidMigrator] Initializing new contract at 0xSecureContract with preserved state...

      at RapidMigrator.log [as initializeNewContract] (contracts/migration/execution/RapidMigrator.ts:62:17)

  console.log
    [RapidMigrator] Updating DAO pointers to point to 0xSecureContract...

      at RapidMigrator.log [as updateDaoPointers] (contracts/migration/execution/RapidMigrator.ts:68:17)

  console.log
    [RapidMigrator] Unpausing new contract at 0xSecureContract...

      at RapidMigrator.log [as unpauseNewContract] (contracts/migration/execution/RapidMigrator.ts:74:17)

  console.log
    [RapidMigrator] Migration completed successfully.

      at RapidMigrator.log [as migrate] (contracts/migration/execution/RapidMigrator.ts:46:21)

  console.log
    [MigrationVerifier] Verifying state integrity...

      at MigrationVerifier.log [as verifyIntegrity] (contracts/migration/verification/MigrationVerifier.ts:21:17)

  console.log
    [MigrationVerifier] State integrity verified: 100% data preserved.

      at MigrationVerifier.log [as verifyIntegrity] (contracts/migration/verification/MigrationVerifier.ts:25:21)

  console.log
    [MigrationVerifier] Running functional verification on new contract...

      at MigrationVerifier.log [as verifyFunctionality] (contracts/migration/verification/MigrationVerifier.ts:39:17)

  console.log
    [MigrationVerifier] Functional checks passed.

      at MigrationVerifier.log [as verifyFunctionality] (contracts/migration/verification/MigrationVerifier.ts:43:17)

  console.log
    [MigrationVerifier] Performance check: Duration: 0m 1s (Target: < 30m), Gas: 51190 (Target: < 500k)

      at MigrationVerifier.log [as verifyPerformance] (contracts/migration/verification/MigrationVerifier.ts:60:17)

  console.log
    [EmergencyMigration] Verification successful. Migration finalized.

      at EmergencyMigration.log [as verifyMigration] (contracts/migration/EmergencyMigration.ts:108:21)

  console.log
    [EmergencyMigration] Triggered by reason: Failed Update

      at EmergencyMigration.log [as triggerMigration] (contracts/migration/EmergencyMigration.ts:46:17)

  console.log
    [StatePreserver] State captured. Checksum: fdbe2fdf6a95d89d6b28c7b22de14f250cf00b8b457640b6130adce96150c175

      at StatePreserver.log [as captureState] (contracts/migration/preservation/StatePreserver.ts:21:17)

  console.log
    [EmergencyMigration] Beginning rapid migration execution...

      at EmergencyMigration.log [as executeMigration] (contracts/migration/EmergencyMigration.ts:67:17)

  console.log
    [RapidMigrator] Initiating migration to 0xBadContract...

      at RapidMigrator.log [as migrate] (contracts/migration/execution/RapidMigrator.ts:27:21)

  console.log
    [StatePreserver] State restored successfully.

      at StatePreserver.log [as restoreState] (contracts/migration/preservation/StatePreserver.ts:40:17)

  console.log
    [RapidMigrator] Pausing old contract...

      at RapidMigrator.log [as pauseOldContract] (contracts/migration/execution/RapidMigrator.ts:56:17)

  console.log
    [RapidMigrator] Initializing new contract at 0xBadContract with preserved state...

      at RapidMigrator.log [as initializeNewContract] (contracts/migration/execution/RapidMigrator.ts:62:17)

  console.log
    [RapidMigrator] Updating DAO pointers to point to 0xBadContract...

      at RapidMigrator.log [as updateDaoPointers] (contracts/migration/execution/RapidMigrator.ts:68:17)

  console.log
    [RapidMigrator] Unpausing new contract at 0xBadContract...

      at RapidMigrator.log [as unpauseNewContract] (contracts/migration/execution/RapidMigrator.ts:74:17)

  console.log
    [RapidMigrator] Migration completed successfully.

      at RapidMigrator.log [as migrate] (contracts/migration/execution/RapidMigrator.ts:46:21)

  console.log
    [EmergencyMigration] Initiating rollback protocol...

      at EmergencyMigration.log [as rollback] (contracts/migration/EmergencyMigration.ts:120:17)

  console.log
    [EmergencyMigration] Rollback completed. State restored to previous stable version.

      at EmergencyMigration.log [as rollback] (contracts/migration/EmergencyMigration.ts:123:17)

  console.log
    [EmergencyMigration] Triggered by reason: Integrity Test

      at EmergencyMigration.log [as triggerMigration] (contracts/migration/EmergencyMigration.ts:46:17)

  console.log
    [StatePreserver] State captured. Checksum: fdbe2fdf6a95d89d6b28c7b22de14f250cf00b8b457640b6130adce96150c175

      at StatePreserver.log [as captureState] (contracts/migration/preservation/StatePreserver.ts:21:17)

  console.log
    [EmergencyMigration] Beginning rapid migration execution...

      at EmergencyMigration.log [as executeMigration] (contracts/migration/EmergencyMigration.ts:67:17)

  console.log
    [RapidMigrator] Initiating migration to 0xTarget...

      at RapidMigrator.log [as migrate] (contracts/migration/execution/RapidMigrator.ts:27:21)

  console.log
    [StatePreserver] State restored successfully.

      at StatePreserver.log [as restoreState] (contracts/migration/preservation/StatePreserver.ts:40:17)

  console.log
    [RapidMigrator] Pausing old contract...

      at RapidMigrator.log [as pauseOldContract] (contracts/migration/execution/RapidMigrator.ts:56:17)

  console.log
    [RapidMigrator] Initializing new contract at 0xTarget with preserved state...

      at RapidMigrator.log [as initializeNewContract] (contracts/migration/execution/RapidMigrator.ts:62:17)

  console.log
    [RapidMigrator] Updating DAO pointers to point to 0xTarget...

      at RapidMigrator.log [as updateDaoPointers] (contracts/migration/execution/RapidMigrator.ts:68:17)

  console.log
    [RapidMigrator] Unpausing new contract at 0xTarget...

      at RapidMigrator.log [as unpauseNewContract] (contracts/migration/execution/RapidMigrator.ts:74:17)

  console.log
    [RapidMigrator] Migration completed successfully.

      at RapidMigrator.log [as migrate] (contracts/migration/execution/RapidMigrator.ts:46:21)

  console.log
    [MigrationVerifier] Verifying state integrity...

      at MigrationVerifier.log [as verifyIntegrity] (contracts/migration/verification/MigrationVerifier.ts:21:17)

  console.log
    [MigrationVerifier] State integrity verified: 100% data preserved.

      at MigrationVerifier.log [as verifyIntegrity] (contracts/migration/verification/MigrationVerifier.ts:25:21)

  console.log
    [MigrationVerifier] Running functional verification on new contract...

      at MigrationVerifier.log [as verifyFunctionality] (contracts/migration/verification/MigrationVerifier.ts:39:17)

  console.log
    [MigrationVerifier] Functional checks passed.

      at MigrationVerifier.log [as verifyFunctionality] (contracts/migration/verification/MigrationVerifier.ts:43:17)

  console.log
    [MigrationVerifier] Performance check: Duration: 0m 1s (Target: < 30m), Gas: 51190 (Target: < 500k)

      at MigrationVerifier.log [as verifyPerformance] (contracts/migration/verification/MigrationVerifier.ts:60:17)

  console.log
    [EmergencyMigration] Verification successful. Migration finalized.

      at EmergencyMigration.log [as verifyMigration] (contracts/migration/EmergencyMigration.ts:108:21)

  console.log
    [EmergencyMigration] Triggered by reason: Speed Test

      at EmergencyMigration.log [as triggerMigration] (contracts/migration/EmergencyMigration.ts:46:17)

  console.log
    [StatePreserver] State captured. Checksum: fdbe2fdf6a95d89d6b28c7b22de14f250cf00b8b457640b6130adce96150c175

      at StatePreserver.log [as captureState] (contracts/migration/preservation/StatePreserver.ts:21:17)

  console.log
    [EmergencyMigration] Beginning rapid migration execution...

      at EmergencyMigration.log [as executeMigration] (contracts/migration/EmergencyMigration.ts:67:17)

  console.log
    [RapidMigrator] Initiating migration to 0xFastContract...

      at RapidMigrator.log [as migrate] (contracts/migration/execution/RapidMigrator.ts:27:21)

  console.log
    [StatePreserver] State restored successfully.

      at StatePreserver.log [as restoreState] (contracts/migration/preservation/StatePreserver.ts:40:17)

  console.log
    [RapidMigrator] Pausing old contract...

      at RapidMigrator.log [as pauseOldContract] (contracts/migration/execution/RapidMigrator.ts:56:17)

  console.log
    [RapidMigrator] Initializing new contract at 0xFastContract with preserved state...

      at RapidMigrator.log [as initializeNewContract] (contracts/migration/execution/RapidMigrator.ts:62:17)

  console.log
    [RapidMigrator] Updating DAO pointers to point to 0xFastContract...

      at RapidMigrator.log [as updateDaoPointers] (contracts/migration/execution/RapidMigrator.ts:68:17)

  console.log
    [RapidMigrator] Unpausing new contract at 0xFastContract...

      at RapidMigrator.log [as unpauseNewContract] (contracts/migration/execution/RapidMigrator.ts:74:17)

  console.log
    [RapidMigrator] Migration completed successfully.

      at RapidMigrator.log [as migrate] (contracts/migration/execution/RapidMigrator.ts:46:21)

  console.log
    [MigrationVerifier] Verifying state integrity...

      at MigrationVerifier.log [as verifyIntegrity] (contracts/migration/verification/MigrationVerifier.ts:21:17)

  console.log
    [MigrationVerifier] State integrity verified: 100% data preserved.

      at MigrationVerifier.log [as verifyIntegrity] (contracts/migration/verification/MigrationVerifier.ts:25:21)

  console.log
    [MigrationVerifier] Running functional verification on new contract...

      at MigrationVerifier.log [as verifyFunctionality] (contracts/migration/verification/MigrationVerifier.ts:39:17)

  console.log
    [MigrationVerifier] Functional checks passed.

      at MigrationVerifier.log [as verifyFunctionality] (contracts/migration/verification/MigrationVerifier.ts:43:17)

  console.log
    [MigrationVerifier] Performance check: Duration: 0m 1s (Target: < 30m), Gas: 51190 (Target: < 500k)

      at MigrationVerifier.log [as verifyPerformance] (contracts/migration/verification/MigrationVerifier.ts:60:17)

  console.log
    [EmergencyMigration] Verification successful. Migration finalized.

      at EmergencyMigration.log [as verifyMigration] (contracts/migration/EmergencyMigration.ts:108:21)

  console.log
    [EmergencyMigration] Triggered by reason: First Reason

      at EmergencyMigration.log [as triggerMigration] (contracts/migration/EmergencyMigration.ts:46:17)

  console.log
    [StatePreserver] State captured. Checksum: fdbe2fdf6a95d89d6b28c7b22de14f250cf00b8b457640b6130adce96150c175

      at StatePreserver.log [as captureState] (contracts/migration/preservation/StatePreserver.ts:21:17)

  console.log
    [EmergencyMigration] Triggered by reason: Integrity Failure Test

      at EmergencyMigration.log [as triggerMigration] (contracts/migration/EmergencyMigration.ts:46:17)

  console.log
    [StatePreserver] State captured. Checksum: fdbe2fdf6a95d89d6b28c7b22de14f250cf00b8b457640b6130adce96150c175

      at StatePreserver.log [as captureState] (contracts/migration/preservation/StatePreserver.ts:21:17)

  console.log
    [EmergencyMigration] Beginning rapid migration execution...

      at EmergencyMigration.log [as executeMigration] (contracts/migration/EmergencyMigration.ts:67:17)

  console.log
    [RapidMigrator] Initiating migration to 0xTarget...

      at RapidMigrator.log [as migrate] (contracts/migration/execution/RapidMigrator.ts:27:21)

  console.log
    [StatePreserver] State restored successfully.

      at StatePreserver.log [as restoreState] (contracts/migration/preservation/StatePreserver.ts:40:17)

  console.log
    [RapidMigrator] Pausing old contract...

      at RapidMigrator.log [as pauseOldContract] (contracts/migration/execution/RapidMigrator.ts:56:17)

  console.log
    [RapidMigrator] Initializing new contract at 0xTarget with preserved state...

      at RapidMigrator.log [as initializeNewContract] (contracts/migration/execution/RapidMigrator.ts:62:17)

  console.log
    [RapidMigrator] Updating DAO pointers to point to 0xTarget...

      at RapidMigrator.log [as updateDaoPointers] (contracts/migration/execution/RapidMigrator.ts:68:17)

  console.log
    [RapidMigrator] Unpausing new contract at 0xTarget...

      at RapidMigrator.log [as unpauseNewContract] (contracts/migration/execution/RapidMigrator.ts:74:17)

  console.log
    [RapidMigrator] Migration completed successfully.

      at RapidMigrator.log [as migrate] (contracts/migration/execution/RapidMigrator.ts:46:21)

  console.log
    [StatePreserver] State captured. Checksum: 015abd7f5cc57a2dd94b7590f04ad8084273905ee33ec5cebeae62276a97f862

      at StatePreserver.log [as captureState] (contracts/migration/preservation/StatePreserver.ts:21:17)

  console.log
    [StatePreserver] State captured. Checksum: 015abd7f5cc57a2dd94b7590f04ad8084273905ee33ec5cebeae62276a97f862

      at StatePreserver.log [as captureState] (contracts/migration/preservation/StatePreserver.ts:21:17)

  console.log
    [EmergencyMigration] Triggered by reason: Failure Test

      at EmergencyMigration.log [as triggerMigration] (contracts/migration/EmergencyMigration.ts:46:17)

  console.log
    [StatePreserver] State captured. Checksum: fdbe2fdf6a95d89d6b28c7b22de14f250cf00b8b457640b6130adce96150c175

      at StatePreserver.log [as captureState] (contracts/migration/preservation/StatePreserver.ts:21:17)

  console.log
    [EmergencyMigration] Beginning rapid migration execution...

      at EmergencyMigration.log [as executeMigration] (contracts/migration/EmergencyMigration.ts:67:17)

  console.log
    [RapidMigrator] Initiating migration to 0xTarget...

      at RapidMigrator.log [as migrate] (contracts/migration/execution/RapidMigrator.ts:27:21)

  console.error
    [RapidMigrator] Migration failed: No state captured to restore.

    [0m [90m 48 |[39m         } [36mcatch[39m (error[33m:[39m any) {
     [90m 49 |[39m             [36mthis[39m[33m.[39mstatus [33m=[39m [33mMigrationStatus[39m[33m.[39m[33mFAILED[39m[33m;[39m
    [31m[1m>[22m[39m[90m 50 |[39m             console[33m.[39merror([32m`[RapidMigrator] Migration failed: ${error.message}`[39m)[33m;[39m
     [90m    |[39m                     [31m[1m^[22m[39m
     [90m 51 |[39m             [36mthrow[39m error[33m;[39m
     [90m 52 |[39m         }
     [90m 53 |[39m     }[0m

      at RapidMigrator.error [as migrate] (contracts/migration/execution/RapidMigrator.ts:50:21)
      at EmergencyMigration.migrate [as executeMigration] (contracts/migration/EmergencyMigration.ts:69:49)
      at Object.<anonymous> (tests/migration/EmergencyMigration.test.ts:124:32)

node.exe : PASS tests/m
igration/EmergencyMigra
tion.test.ts
At line:1 char:1
+ & "C:\Program 
Files\nodejs/node.exe" 
"C:\Program 
Files\nodejs/node_mo 
...
+ ~~~~~~~~~~~~~~~~~~~~~
~~~~~~~~~~~~~~~~~~~~~~~
~~~~~~~~~~~~~~~~~~~~~~~
~~
    + CategoryInfo     
         : NotSpecifi  
  ed: (PASS tests/mi   
 gr...gration.test.    
ts:String) [], Rem    
oteException
    + FullyQualifiedEr 
   rorId : NativeComm  
  andError
 
  EmergencyMigration 
System
    ΓêÜ should 
initialize with IDLE 
status (5 ms)
    ΓêÜ should fail to 
trigger without 
sufficient approvals 
(26 ms)
    ΓêÜ should trigger 
migration successfully 
with sufficient 
approvals (43 ms)
    ΓêÜ should fail to 
execute if not 
triggered (1 ms)
    ΓêÜ should execute 
migration successfully 
(465 ms)
    ΓêÜ should verify 
migration successfully 
(802 ms)
    ΓêÜ should 
rollback to 
ROLLED_BACK status 
(469 ms)
    ΓêÜ should 
maintain 100% data 
integrity during 
migration (762 ms)
    ΓêÜ should 
complete rapid 
migration in under 
target time (771 ms)
    ΓêÜ should fail to 
trigger if already in 
progress (2 ms)
    ΓêÜ should fail 
verification if 
integrity is 
compromised (420 ms)
    ΓêÜ should handle 
StatePreserver errors 
(13 ms)
    ΓêÜ should detect 
checksum mismatch in 
StatePreserver (5 ms)
    ΓêÜ should handle 
RapidMigrator failure 
(23 ms)

-------------------------|---------|----------|---------|---------|-------------------
File                     | % Stmts | % Branch | % Funcs | % Lines | Uncovered Line #s 
-------------------------|---------|----------|---------|---------|-------------------
All files                |   95.27 |    77.14 |   93.93 |    95.1 |                   
 migration               |   92.72 |    73.91 |     100 |   92.72 |                   
  EmergencyMigration.ts  |   92.72 |    73.91 |     100 |   92.72 | 74,86,111-112     
 migration/execution     |   97.05 |      100 |    90.9 |   96.66 |                   
  RapidMigrator.ts       |   97.05 |      100 |    90.9 |   96.66 | 80                
 migration/interfaces    |     100 |      100 |     100 |     100 |                   
  IEmergencyMigration.ts |     100 |      100 |     100 |     100 |                   
 migration/libraries     |     100 |       50 |     100 |     100 |                   
  MigrationLib.ts        |     100 |       50 |     100 |     100 | 13                
 migration/preservation  |      95 |      100 |      80 |      95 |                   
  StatePreserver.ts      |      95 |      100 |      80 |      95 | 58                
 migration/verification  |   95.23 |       75 |     100 |      95 |                   
  MigrationVerifier.ts   |   95.23 |       75 |     100 |      95 | 27                
-------------------------|---------|----------|---------|---------|-------------------
Test Suites: 1 passed, 
1 total
Tests:       14 
passed, 14 total
Snapshots:   0 total
Time:        4.759 s
Ran all test suites 
matching tests/migratio
n/EmergencyMigration.te
st.ts.
